Before jump
After jump
6
7
8
9
10
x < 10 : TRUE
11
x < 10 : TRUE
12
x < 10 : TRUE
13
x < 10 : TRUE
14
x < 10 : TRUE
15
x < 10 : TRUE
16
x < 10 : TRUE
Inner:  0           Outer: 1
Inner:  1           Outer: 1
Inner:  2           Outer: 1
Inner:  3           Outer: 1
Inner:  4           Outer: 1
Inner:  5           Outer: 1
Inner:  6           Outer: 1
Inner:  7           Outer: 1
Inner:  8           Outer: 1
Inner:  9           Outer: 1
Inner:  10           Outer: 1
Inner:  11           Outer: 1
Inner:  12           Outer: 1
Inner:  13           Outer: 1
Inner:  14           Outer: 1
Inner:  15           Outer: 1
Inner:  16           Outer: 1
Inner:  17           Outer: 1
Inner:  18           Outer: 1
Inner:  19           Outer: 1
Inner:  20           Outer: 1
Inner:  0           Outer: 2
Inner:  1           Outer: 2
Inner:  2           Outer: 2
Inner:  3           Outer: 2
Inner:  4           Outer: 2
Inner:  5           Outer: 2
Inner:  6           Outer: 2
Inner:  7           Outer: 2
Inner:  8           Outer: 2
Inner:  9           Outer: 2
Inner:  10           Outer: 2
Inner:  11           Outer: 2
Inner:  12           Outer: 2
Inner:  13           Outer: 2
Inner:  14           Outer: 2
Inner:  15           Outer: 2
Inner:  16           Outer: 2
Inner:  17           Outer: 2
Inner:  18           Outer: 2
Inner:  19           Outer: 2
Inner:  20           Outer: 2
Inner:  0           Outer: 3
Inner:  1           Outer: 3
Inner:  2           Outer: 3
Inner:  3           Outer: 3
Inner:  4           Outer: 3
Inner:  5           Outer: 3
Inner:  6           Outer: 3
Inner:  7           Outer: 3
Inner:  8           Outer: 3
Inner:  9           Outer: 3
Inner:  10           Outer: 3
Inner:  11           Outer: 3
Inner:  12           Outer: 3
Inner:  13           Outer: 3
Inner:  14           Outer: 3
Inner:  15           Outer: 3
Inner:  16           Outer: 3
Inner:  17           Outer: 3
Inner:  18           Outer: 3
Inner:  19           Outer: 3
Inner:  20           Outer: 3
Inner:  0           Outer: 4
Inner:  1           Outer: 4
Inner:  2           Outer: 4
Inner:  3           Outer: 4
Inner:  4           Outer: 4
Inner:  5           Outer: 4
Inner:  6           Outer: 4
Inner:  7           Outer: 4
Inner:  8           Outer: 4
Inner:  9           Outer: 4
Inner:  10           Outer: 4
Inner:  11           Outer: 4
Inner:  12           Outer: 4
Inner:  13           Outer: 4
Inner:  14           Outer: 4
Inner:  15           Outer: 4
Inner:  16           Outer: 4
Inner:  17           Outer: 4
Inner:  18           Outer: 4
Inner:  19           Outer: 4
Inner:  20           Outer: 4
Inner:  0           Outer: 5
Inner:  1           Outer: 5
Inner:  2           Outer: 5
Inner:  3           Outer: 5
Inner:  4           Outer: 5
Inner:  5           Outer: 5
Inner:  6           Outer: 5
Inner:  7           Outer: 5
Inner:  8           Outer: 5
Inner:  9           Outer: 5
Inner:  10           Outer: 5
Inner:  11           Outer: 5
Inner:  12           Outer: 5
Inner:  13           Outer: 5
Inner:  14           Outer: 5
Inner:  15           Outer: 5
Inner:  16           Outer: 5
Inner:  17           Outer: 5
Inner:  18           Outer: 5
Inner:  19           Outer: 5
Inner:  20           Outer: 5
1
2
3
4
5
6
7
8
9
10
11
12
13
14
15